C51 COMPILER V8.02   SOFT_TIMER                                                            04/19/2013 20:12:52 PAGE 1   


C51 COMPILER V8.02, COMPILATION OF MODULE SOFT_TIMER
OBJECT MODULE PLACED IN soft_timer.obj
COMPILER INVOKED BY: C:\Keil\C51\BIN\C51.EXE src\soft_timer.c BROWSE DEBUG OBJECTEXTEND PRINT(.\soft_timer.lst) OBJECT(s
                    -oft_timer.obj)

line level    source

   1          #include "soft_timer.h"
   2          
   3          SOFT_TIMER soft_timer[SOFT_TIMER_NUM];
   4          
   5          //启动软件定时器 并将定时器置为初始状态 soft_timer_id为软件定时器数组索引
   6          void start_soft_timer(unsigned char soft_timer_id,unsigned long time_setting)
   7          {
   8   1              soft_timer[soft_timer_id].en_run = 1;
   9   1              soft_timer[soft_timer_id].value_current = 0;
  10   1              soft_timer[soft_timer_id].value_setting = time_setting;
  11   1              soft_timer[soft_timer_id].timeout_flg = 0;
  12   1      }
  13          void stop_soft_timer(unsigned char soft_timer_id)
  14          {
  15   1              soft_timer[soft_timer_id].en_run = 0;
  16   1      }
  17          //调度更新所有定时器 --只能在定时器中断中使用
  18          void update_all_timers(void)
  19          {
  20   1              unsigned char i;
  21   1      
  22   1                      for(i=0;i<SOFT_TIMER_NUM;i++)
  23   1                      {
  24   2                              if(soft_timer[i].en_run)//使能该软件定时器运行
  25   2                              {
  26   3                                      if((soft_timer[i].value_current)<(soft_timer[i].value_setting))//检测时间是否到
  27   3                                      {
  28   4                                              soft_timer[i].value_current++;                                  
  29   4                                      }
  30   3                                      else//时间到
  31   3                                      {
  32   4                                              soft_timer[i].timeout_flg = 1;//软件定时器到标志置位
  33   4                                              soft_timer[i].en_run = 0;//停止该软件定时器     
  34   4                                      }
  35   3                              }
  36   2                      }       
  37   1      }
  38          /*      
  39                  检查指定的软件定时器定时时间到了没 到了返回1
  40          */
  41          unsigned char check_soft_timer(unsigned char soft_timer_id)
  42          {       
  43   1              return soft_timer[soft_timer_id].timeout_flg;
  44   1      }
  45          
  46          /*      
  47                  清除软件定时器时间到标志 方便下一次进行定时
  48          */
  49          void clear_soft_timer(unsigned char soft_timer_id)
  50          {       
  51   1              soft_timer[soft_timer_id].timeout_flg = 0;
  52   1      }


C51 COMPILER V8.02   SOFT_TIMER                                                            04/19/2013 20:12:52 PAGE 2   

MODULE INFORMATION:   STATIC OVERLAYABLE
   CODE SIZE        =    200    ----
   CONSTANT SIZE    =   ----    ----
   XDATA SIZE       =   ----    ----
   PDATA SIZE       =   ----    ----
   DATA SIZE        =     10       6
   IDATA SIZE       =   ----    ----
   BIT SIZE         =   ----    ----
END OF MODULE INFORMATION.


C51 COMPILATION COMPLETE.  0 WARNING(S),  0 ERROR(S)
